whoami
pwd
ssh-keygen -t ed25519
pwd
ls -l
ls -la
cd .ssh
ls -l
cat id_ed25519.pub 
cat id_ed25519
clear
pwd
cd ..
man man 
man pwd
echo hola 
echo $HOME 
whoami
who
w
ls 
ls -l
ls -la
cd repogit
cd ..
pwd
mkdir clase4
ls -l
cd clase4
ls -l
echo linea1 
echo linea1 > archivo1.txt
ls -l
cat archivo1.txt 
cat > archivo2.txt 
ls -l
cat *.txt
cat archivo1.txt >> archivo2.txt
cat archivo2.txt
cat archivo1.txt archivo2.txt > archivo3.txt
ls -l
cat archivo3.txt
mkdir documentos
ls -l
cd documentos/
ls
cd ..
cat archivo3.txt
grep linea1 archivo3.txt
grep LINEA1 archivo3.txt
grep -i LINEA1 archivo3.txt 
grep -c linea1 archivo3.txt
grep -n linea1 archivo3.txt
grep -v linea1 archivo3.txt
tree
sudo apt install tree
tree
sudo snap install tree 
tree
mkdir practica 
ls -l
cd practica
ls -l
touch practica1.txt
ls -l
cp practica1.txt practica2.txt
ls -l
rm practica1.txt
ls -l
mv practica2.txt /home/vagrant/clase4
ls -l
cd ..
ls -l
rmdir practica
ls -l
id 
exit
ls -l
mkdir clase5 
ls -l
cd clase5
pwd
ls -l
tree
mkdir facturas pedidos 
tree
mkdir -p clientes/{facturas,pedidos}
ls -l
tree
mkdir -p {clientes,proveedores}/{facturas,pedidos}
tree
mkdir -p contactos/{clientes,proveedores}/{facturas,pedidos}
tree
mkdir -p jauregui1/contactos/{clientes,proveedores}/{facturas,pedidos}
tree
mkdir -p jauregui_2/{mama/hijo{1..3},papa/{hijo{1..3},ahijado}}
tree
cd ..
pwd
whoami
who
w
id
cat /etc/passwd
grep -i vagrant /etc/passwd
cat /etc/shadow
sudo cat /etc/shadow
grep -i vagrant /etc/shadow 
sudo grep -i vagrant /etc/shadow 
cat /etc/group
grep vagrant /etc/group
sudo su
ls -l
cat arch_root.txt
rm cat arch_root.txt
ls -l
w
clear
groupadd Alumnos 
sudo groupadd Alumnos 
cat /etc/group
useradd -m -s /bin/bash -c "Usuario pepe" -G Alumnos pepe
sudo useradd -m -s /bin/bash -c "Usuario pepe" -G Alumnos pepe
cat /etc/passwd 
cat /etc/group
ls -l /home 
passwd pepe 
sudo passwd pepe 
su - pepe
sudo usermod -aG sudo pepe 
pwd
ls -l
cd repogit 
ls -l 
git clone git@github.com:Macarena-22/TP1_AySO_Jauregui_Macarena-.git
ls -l
cd TP1_AySO_Jauregui_Macarena-/
ls -l
cat /etc/os-release
grep -i HOME_URL /etc/os-release
grep -i HOME_URL /etc/os-release > datos_url.txt
ls -l
whoami 
echo "Usuario=$(whoami)">datos_usuario.txt
ls -l
git add .
git config --global user.email "jaureguimacarena23@gmail.com"
git config --global user.name "Macarena-Jauregui"
git commit -m "ADD: agregado 1er ejercicio sobre datos_usuarios.txt"
git status 
git push
exit
ls -l
pwd
ls -l
ls -l /home 
ls -l /home/pepe
su - pepe 
sudo usermod -aG sudo pepe
su - pepe 
pwd
chgrp vagrant:vagrant /home/pepe/textopepe.txt
sudo chgrp vagrant:vagrant /home/pepe/textopepe.txt
chown vagrant:vagrant /home/pepe/textopepe.txt
sudo chown vagrant:vagrant /home/pepe/textopepe.txt
ls -l /home/pepe
sudo ls -l /home/pepe
su - pepe
ls -l 
cd clase5 
ls -l
touch practica1.txt
ls -l
touch practica2.txt
ls -l
chmod 600 practica1.txt
ls -l
chmod 444 practica2.txt
ls -l
echo "linea1" >> practica2.txt
sudo echo "linea1" >> practica2.txt
chmod 644 practica2.txt
ls -l
echo "linea1" >> practica2.txt
cat practica2.txt 
cd ..
ls -l
chmod -R 777 clase5/
ls -l
cd clase5
ls -l
chmod 666 *.txt
ls -l
cd ..
ls -l 
chmod -R 775 clse5/
ls -l 
ls -l clase5/
chmod -R 775 clase5/
ls -l 
ls -l clase5/ 
chmod 666 clase5/*.txt 
ls -l clase5/
pwd
ls -l 
mkdir clase6
ls -l
cd clase6
ls -l 
ls -la 
echo ls -l > script1 
ls -l
cat script1 
bash script1 
echo tree >> script1 
cat script1 
bash script1 
echo pwd >> script1 
cat script1 
echo whoami >> script1 
cat script1 
bash script1 
vim script2.sh
ls -l
cat script2.sh
./script2.sh 
chmod 764 script2.sh 
ls -l
./script2.sh 
ls -l 
tree
vim script3.sh 
ls -l
chmod 764 script3.sh 
ls -l 
./script3.sh 
exit 
cd repogit
cd TP1_AySO_Jauregui_Macarena-/
grep "model name" /proc/cpuinfo | head -n1 >> 
datos_usuarios.txt
grep "model name" /proc/cpuinfo | head -n1 >> datos_usuarios.txt 
git add .
git commit -m "feat: Añadiendo informacion de CPU"
cat <<EOF >> README.md  
Alumno: <Jauregui Macarena> 
División: <114> 
Turno: <Mañana>  
EOF

git add README.md datos_usuarios.txt  
git commit -m "ADD: Añadiendo Readme y datos de usuario" 
git push 
mkdir -p {materia1,materia2}/uni{1..3}
tree
echo mkdir > script
ls -l
chmod 755 script 
ls -l
git add .
git commit -m "ADD: Añadiendo script"
git push 
history -a 
cp 
jaure@Macarena MINGW64 /c/S.O/repogit/UTN-FRA_SO_Vagrant/VagrantFiles/1_equipo (master)
$ vagrant up
Bringing machine 'default' up with 'virtualbox' provider...
==> default: Checking if box 'ubuntu/jammy64' version '20241002.0.0' is up to date...
==> default: Clearing any previously set forwarded ports...
==> default: Clearing any previously set network interfaces...
==> default: Preparing network interfaces based on configuration...
==> default: Forwarding ports...
==> default: Running 'pre-boot' VM customizations...
==> default: Booting VM...
==> default: Waiting for machine to boot. This may take a few minutes...
==> default: Machine booted and ready!
==> default: Checking for guest additions in VM...
==> default: Setting hostname...
==> default: Configuring and enabling network interfaces...
==> default: Mounting shared folders...
==> default: Machine already provisioned. Run `vagrant provision` or use the `--provision`
==> default: flag to force provisioning. Provisioners marked to run always will still run.
==> default: Machine 'default' has a post `vagrant up` message. This is a message
==> default: from the creator of the Vagrantfile, and not from Vagrant itself:
==> default:
==> default:   ###########################################################################
==> default:   #
==> default:   # Para Ingresar a la VM puede usar cualquiera de las dos opciones:
==> default:   #
==> default:   ###########################################################################
==> default:   # 1. (usar Vagrant)
==> default:
==> default:   vagrant ssh
==> default:
==> default:   # 2. Usar SSH indicando la key Privada
==> default:   # Puede usar la private_key proporcionada por vagrant
==> default:
The list of available updates is more than a week old.
To check for new updates run: sudo apt update
New release '24.04.3 LTS' available.
Run 'do-release-upgrade' to upgrade to it.
Last login: Sat Sep 27 21:28:11 2025 from 10.0.2.2
vagrant@VMPruebas:~$ cd repogit
vagrant@VMPruebas:~/repogit/TP1_AySO_Jauregui_Macarena-$ grep "model name" /proc/cpuinfo | head -n1 >>
datos_usuarios.txt
-bash: syntax error near unexpected token `newline'
datos_usuarios.txt: command not found
vagrant@VMPruebas:~/repogit/TP1_AySO_Jauregui_Macarena-$ grep "model name" /proc/cpuinfo | head -n1 >> datos_usuarios.txt
vagrant@VMPruebas:~/repogit/TP1_AySO_Jauregui_Macarena-$ git add .
vagrant@VMPruebas:~/repogit/TP1_AySO_Jauregui_Macarena-$ git commit -m "feat: Añadiendo informacion de CPU"
[main 03c7bd5] feat: Añadiendo informacion de CPU
 1 file changed, 1 insertion(+)
 create mode 100644 datos_usuarios.txt
vagrant@VMPruebas:~/repogit/TP1_AySO_Jauregui_Macarena-$ cat <<EOF >> README.md
Alumno: <Jauregui Macarena>
División: <114>
Turno: <Mañana>
EOF
vagrant@VMPruebas:~/repogit/TP1_AySO_Jauregui_Macarena-$ git add README.md datos_usuarios.txt
vagrant@VMPruebas:~/repogit/TP1_AySO_Jauregui_Macarena-$ git commit -m "ADD: Añadiendo Readme y datos de usuario"
[main ad6965e] ADD: Añadiendo Readme y datos de usuario
 1 file changed, 3 insertions(+)
vagrant@VMPruebas:~/repogit/TP1_AySO_Jauregui_Macarena-$ git push
Enumerating objects: 8, done.
Counting objects: 100% (8/8), done.
Delta compression using up to 2 threads
Compressing objects: 100% (6/6), done.
Writing objects: 100% (6/6), 807 bytes | 115.00 KiB/s, done.
Total 6 (delta 1), reused 0 (delta 0), pack-reused 0
remote: Resolving deltas: 100% (1/1), completed with 1 local object.
To github.com:Macarena-22/TP1_AySO_Jauregui_Macarena-.git
   9bd8862..ad6965e  main -> main
vagrant@VMPruebas:~/repogit/TP1_AySO_Jauregui_Macarena-$ mkdir -p {materia1,materia2}/uni{1..3}
vagrant@VMPruebas:~/repogit/TP1_AySO_Jauregui_Macarena-$ tree
.
├── README.md
├── datos_url.txt
├── datos_usuario.txt
├── datos_usuarios.txt
├── materia1
│   ├── uni1
│   ├── uni2
│   └── uni3
└── materia2
    ├── uni1
    ├── uni2
    └── uni3

9 directories, 4 files
vagrant@VMPruebas:~/repogit/TP1_AySO_Jauregui_Macarena-$ echo mkdir > script
vagrant@VMPruebas:~/repogit/TP1_AySO_Jauregui_Macarena-$ ls -l
total 28
-rw-rw-r-- 1 vagrant vagrant  121 Sep 30 16:57 README.md
-rw-rw-r-- 1 vagrant vagrant   35 Sep 27 19:52 datos_url.txt
-rw-rw-r-- 1 vagrant vagrant   16 Sep 27 19:57 datos_usuario.txt
-rw-rw-r-- 1 vagrant vagrant   52 Sep 30 16:29 datos_usuarios.txt
drwxrwxr-x 5 vagrant vagrant 4096 Sep 30 17:05 materia1
drwxrwxr-x 5 vagrant vagrant 4096 Sep 30 17:05 materia2
-rw-rw-r-- 1 vagrant vagrant    6 Sep 30 18:03 script
vagrant@VMPruebas:~/repogit/TP1_AySO_Jauregui_Macarena-$ chmod 755 script
vagrant@VMPruebas:~/repogit/TP1_AySO_Jauregui_Macarena-$ ls -l
total 28
-rw-rw-r-- 1 vagrant vagrant  121 Sep 30 16:57 README.md
-rw-rw-r-- 1 vagrant vagrant   35 Sep 27 19:52 datos_url.txt
-rw-rw-r-- 1 vagrant vagrant   16 Sep 27 19:57 datos_usuario.txt
-rw-rw-r-- 1 vagrant vagrant   52 Sep 30 16:29 datos_usuarios.txt
drwxrwxr-x 5 vagrant vagrant 4096 Sep 30 17:05 materia1
drwxrwxr-x 5 vagrant vagrant 4096 Sep 30 17:05 materia2
-rwxr-xr-x 1 vagrant vagrant    6 Sep 30 18:03 script
vagrant@VMPruebas:~/repogit/TP1_AySO_Jauregui_Macarena-$ git add .
vagrant@VMPruebas:~/repogit/TP1_AySO_Jauregui_Macarena-$ git commit -m "ADD: Añadiendo script"
[main 980741a] ADD: Añadiendo script
 1 file changed, 1 insertion(+)
 create mode 100755 script
vagrant@VMPruebas:~/repogit/TP1_AySO_Jauregui_Macarena-$ git push
Enumerating objects: 4, done.
Counting objects: 100% (4/4), done.
Delta compression using up to 2 threads
Compressing objects: 100% (2/2), done.
Writing objects: 100% (3/3), 293 bytes | 293.00 KiB/s, done.
Total 3 (delta 1), reused 0 (delta 0), pack-reused 0
remote: Resolving deltas: 100% (1/1), completed with 1 local object.
To github.com:Macarena-22/TP1_AySO_Jauregui_Macarena-.git
   ad6965e..980741a  main -> main
vagrant@VMPruebas:~/repogit/TP1_AySO_Jauregui_Macarena-$ history -a
vagrant@VMPruebas:~/repogit/TP1_AySO_Jauregui_Macarena 

cd repogit
cd TP1_AySO_Jauregui_Macarena-/
history -a 
